<?xml version="1.0" encoding="UTF-8"?>
<TestRun id="be291a3a-9148-4a8c-abd5-596423528b65" name="A27A7WT@ARISTOTLE 2012-10-27 18:48:23" runUser="GEAEAVSYS\A27A7WT" xmlns="http://microsoft.com/schemas/VisualStudio/TeamTest/2010">
  <TestSettings name="Default Test Settings" id="9c56f581-8ec0-4c69-a027-f8c08635e919">
    <Deployment runDeploymentRoot="A27A7WT_ARISTOTLE 2012-10-27 18_48_23">
      <DeploymentItem filename="D:\SPCASW\SPCASW\packages\EntityFramework.4.1.10331.0\lib\EntityFramework.dll" />
      <DeploymentItem filename="D:\SPCASW\SPCASW\SPCASW.Data\bin\Debug\SPCASW.Data.dll" />
      <DeploymentItem filename="D:\SPCASW\SPCASW\SPCASW.Common\bin\Debug\SPCASW.Common.dll" />
      <DeploymentItem filename="D:\SPCASW\SPCASW\SPCASW.Marketing\bin\Debug\SPCASW.Marketing.dll" />
      <DeploymentItem filename="D:\SPCASW\SPCASW\SPCASW.PetPoint\bin\Debug\SPCASW.PetPoint.dll" />
    </Deployment>
    <Execution>
      <TestTypeSpecific />
      <AgentRule name="Execution Agents">
      </AgentRule>
    </Execution>
  </TestSettings>
  <Times creation="2012-10-27T18:48:23.8251778-04:00" queuing="2012-10-27T18:48:26.3779872-04:00" start="2012-10-27T18:48:26.5807875-04:00" finish="2012-10-27T18:48:31.1983956-04:00" />
  <ResultSummary outcome="Error">
    <Counters total="4" executed="2" passed="1" error="0" failed="0" timeout="0" aborted="1" inconclusive="0" passedButRunAborted="0" notRunnable="0" notExecuted="2" disconnected="0" warning="0" completed="0" inProgress="0" pending="0" />
    <RunInfos>
      <RunInfo computerName="ARISTOTLE" outcome="Error" timestamp="2012-10-27T18:48:31.1983956-04:00">
        <Text>Test host process exited unexpectedly.</Text>
      </RunInfo>
    </RunInfos>
  </ResultSummary>
  <TestDefinitions>
    <UnitTest name="ConstantContactFileEngineTest" storage="d:\spcasw\spcasw\spcasw.tests\bin\debug\spcasw.tests.dll" id="f0277562-6909-27bf-fb46-5bd88986d248">
      <Execution id="326562dd-a95a-4046-89b4-4b46ff73fe3b" />
      <TestMethod codeBase="D:/SPCASW/SPCASW/SPCASW.Tests/bin/Debug/SPCASW.Tests.DLL" adapterTypeName="Microsoft.VisualStudio.TestTools.TestTypes.Unit.UnitTestAdapter, Microsoft.VisualStudio.QualityTools.Tips.UnitTest.Adapter, Version=10.0.0.0, Culture=neutral, PublicKeyToken=b03f5f7f11d50a3a" className="SPCASW.Tests.ConstantContactFileEngineTests, SPCASW.Tests, Version=1.0.0.0, Culture=neutral, PublicKeyToken=null" name="ConstantContactFileEngineTest" />
    </UnitTest>
    <UnitTest name="LoadData" storage="d:\spcasw\spcasw\spcasw.tests\bin\debug\spcasw.tests.dll" id="12a5c15c-67f7-d728-c2f3-ae15c1da0fe4">
      <Execution id="6645d6af-494d-47e6-afad-4029ba201e3f" />
      <TestMethod codeBase="D:/SPCASW/SPCASW/SPCASW.Tests/bin/Debug/SPCASW.Tests.DLL" adapterTypeName="Microsoft.VisualStudio.TestTools.TestTypes.Unit.UnitTestAdapter, Microsoft.VisualStudio.QualityTools.Tips.UnitTest.Adapter, Version=10.0.0.0, Culture=neutral, PublicKeyToken=b03f5f7f11d50a3a" className="SPCASW.Tests.Controllers.LoadPetPointData, SPCASW.Tests, Version=1.0.0.0, Culture=neutral, PublicKeyToken=null" name="LoadData" />
    </UnitTest>
    <UnitTest name="Index" storage="d:\spcasw\spcasw\spcasw.tests\bin\debug\spcasw.tests.dll" id="217d2fdc-d7cf-9de6-0a0a-d3862381f0a4">
      <Execution id="2f730f29-7132-441b-8146-ee7d9381828d" />
      <TestMethod codeBase="D:/SPCASW/SPCASW/SPCASW.Tests/bin/Debug/SPCASW.Tests.DLL" adapterTypeName="Microsoft.VisualStudio.TestTools.TestTypes.Unit.UnitTestAdapter, Microsoft.VisualStudio.QualityTools.Tips.UnitTest.Adapter, Version=10.0.0.0, Culture=neutral, PublicKeyToken=b03f5f7f11d50a3a" className="SPCASW.Tests.Controllers.HomeControllerTest, SPCASW.Tests, Version=1.0.0.0, Culture=neutral, PublicKeyToken=null" name="Index" />
    </UnitTest>
    <UnitTest name="BuildXMLContacts" storage="d:\spcasw\spcasw\spcasw.tests\bin\debug\spcasw.tests.dll" id="7374743f-7233-c344-bbdd-0ead29670033">
      <Execution id="95e172f9-c7f6-41f0-94ba-feaf383a04a6" />
      <TestMethod codeBase="D:/SPCASW/SPCASW/SPCASW.Tests/bin/Debug/SPCASW.Tests.DLL" adapterTypeName="Microsoft.VisualStudio.TestTools.TestTypes.Unit.UnitTestAdapter, Microsoft.VisualStudio.QualityTools.Tips.UnitTest.Adapter, Version=10.0.0.0, Culture=neutral, PublicKeyToken=b03f5f7f11d50a3a" className="SPCASW.Tests.Controllers.LoadXMLContacts, SPCASW.Tests, Version=1.0.0.0, Culture=neutral, PublicKeyToken=null" name="BuildXMLContacts" />
    </UnitTest>
  </TestDefinitions>
  <TestLists>
    <TestList name="Results Not in a List" id="8c84fa94-04c1-424b-9868-57a2d4851a1d" />
    <TestList name="All Loaded Results" id="19431567-8539-422a-85d7-44ee4e166bda" />
  </TestLists>
  <TestEntries>
    <TestEntry testId="217d2fdc-d7cf-9de6-0a0a-d3862381f0a4" executionId="2f730f29-7132-441b-8146-ee7d9381828d" testListId="8c84fa94-04c1-424b-9868-57a2d4851a1d" />
    <TestEntry testId="7374743f-7233-c344-bbdd-0ead29670033" executionId="95e172f9-c7f6-41f0-94ba-feaf383a04a6" testListId="8c84fa94-04c1-424b-9868-57a2d4851a1d" />
    <TestEntry testId="f0277562-6909-27bf-fb46-5bd88986d248" executionId="326562dd-a95a-4046-89b4-4b46ff73fe3b" testListId="8c84fa94-04c1-424b-9868-57a2d4851a1d" />
    <TestEntry testId="12a5c15c-67f7-d728-c2f3-ae15c1da0fe4" executionId="6645d6af-494d-47e6-afad-4029ba201e3f" testListId="8c84fa94-04c1-424b-9868-57a2d4851a1d" />
  </TestEntries>
  <Results>
    <UnitTestResult executionId="2f730f29-7132-441b-8146-ee7d9381828d" testId="217d2fdc-d7cf-9de6-0a0a-d3862381f0a4" testName="Index" computerName="ARISTOTLE" duration="00:00:00.0098154" startTime="2012-10-27T18:48:26.7523878-04:00" endTime="2012-10-27T18:48:28.3591906-04:00" testType="13cdc9d9-ddb5-4fa4-a97d-d965ccfc6d4b" outcome="Passed" testListId="8c84fa94-04c1-424b-9868-57a2d4851a1d" relativeResultsDirectory="2f730f29-7132-441b-8146-ee7d9381828d">
    </UnitTestResult>
    <UnitTestResult executionId="95e172f9-c7f6-41f0-94ba-feaf383a04a6" testId="7374743f-7233-c344-bbdd-0ead29670033" testName="BuildXMLContacts" computerName="ARISTOTLE" duration="00:00:02.8392050" startTime="2012-10-27T18:48:28.3591906-04:00" endTime="2012-10-27T18:48:31.1983956-04:00" testType="13cdc9d9-ddb5-4fa4-a97d-d965ccfc6d4b" outcome="Aborted" testListId="8c84fa94-04c1-424b-9868-57a2d4851a1d" relativeResultsDirectory="95e172f9-c7f6-41f0-94ba-feaf383a04a6">
    </UnitTestResult>
    <UnitTestResult executionId="326562dd-a95a-4046-89b4-4b46ff73fe3b" testId="f0277562-6909-27bf-fb46-5bd88986d248" testName="ConstantContactFileEngineTest" computerName="ARISTOTLE" testType="13cdc9d9-ddb5-4fa4-a97d-d965ccfc6d4b" outcome="NotExecuted" testListId="8c84fa94-04c1-424b-9868-57a2d4851a1d" relativeResultsDirectory="326562dd-a95a-4046-89b4-4b46ff73fe3b">
    </UnitTestResult>
    <UnitTestResult executionId="6645d6af-494d-47e6-afad-4029ba201e3f" testId="12a5c15c-67f7-d728-c2f3-ae15c1da0fe4" testName="LoadData" computerName="ARISTOTLE" testType="13cdc9d9-ddb5-4fa4-a97d-d965ccfc6d4b" outcome="NotExecuted" testListId="8c84fa94-04c1-424b-9868-57a2d4851a1d" relativeResultsDirectory="6645d6af-494d-47e6-afad-4029ba201e3f">
    </UnitTestResult>
  </Results>
</TestRun>