<?xml version="1.0" encoding="UTF-8"?>
<TestRun id="35ccd43e-f801-42ea-a598-e71dcb990c74" name="A27A7WT@ARISTOTLE 2012-10-27 16:24:10" runUser="GEAEAVSYS\A27A7WT" xmlns="http://microsoft.com/schemas/VisualStudio/TeamTest/2010">
  <TestSettings name="Default Test Settings" id="02ec6831-8073-4cee-8a2a-35a43dbf3abd">
    <Deployment runDeploymentRoot="A27A7WT_ARISTOTLE 2012-10-27 16_24_10">
      <DeploymentItem filename="D:\SPCASW\SPCASW\packages\EntityFramework.4.1.10331.0\lib\EntityFramework.dll" />
      <DeploymentItem filename="D:\SPCASW\SPCASW\SPCASW.Data\bin\Debug\SPCASW.Data.dll" />
      <DeploymentItem filename="D:\SPCASW\SPCASW\SPCASW.Common\bin\Debug\SPCASW.Common.dll" />
      <DeploymentItem filename="D:\SPCASW\SPCASW\SPCASW.Marketing\bin\Debug\SPCASW.Marketing.dll" />
      <DeploymentItem filename="D:\SPCASW\SPCASW\SPCASW.PetPoint\bin\Debug\SPCASW.PetPoint.dll" />
    </Deployment>
    <Execution>
      <TestTypeSpecific />
      <AgentRule name="Execution Agents">
      </AgentRule>
    </Execution>
  </TestSettings>
  <Times creation="2012-10-27T16:24:10.0782378-04:00" queuing="2012-10-27T16:24:11.8943417-04:00" start="2012-10-27T16:24:12.1273550-04:00" finish="2012-10-27T16:25:31.7759107-04:00" />
  <ResultSummary outcome="Error">
    <Counters total="3" executed="3" passed="2" error="0" failed="0" timeout="0" aborted="1" inconclusive="0" passedButRunAborted="0" notRunnable="0" notExecuted="0" disconnected="0" warning="0" completed="0" inProgress="0" pending="0" />
    <RunInfos>
      <RunInfo computerName="ARISTOTLE" outcome="Error" timestamp="2012-10-27T16:25:31.7749106-04:00">
        <Text>Test host process exited unexpectedly.</Text>
      </RunInfo>
    </RunInfos>
  </ResultSummary>
  <TestDefinitions>
    <UnitTest name="ConstantContactFileEngineTest" storage="d:\spcasw\spcasw\spcasw.tests\bin\debug\spcasw.tests.dll" id="f0277562-6909-27bf-fb46-5bd88986d248">
      <Execution id="b922470c-9632-497a-b47f-5f5661b83595" />
      <TestMethod codeBase="D:/SPCASW/SPCASW/SPCASW.Tests/bin/Debug/SPCASW.Tests.DLL" adapterTypeName="Microsoft.VisualStudio.TestTools.TestTypes.Unit.UnitTestAdapter, Microsoft.VisualStudio.QualityTools.Tips.UnitTest.Adapter, Version=10.0.0.0, Culture=neutral, PublicKeyToken=b03f5f7f11d50a3a" className="SPCASW.Tests.ConstantContactFileEngineTests, SPCASW.Tests, Version=1.0.0.0, Culture=neutral, PublicKeyToken=null" name="ConstantContactFileEngineTest" />
    </UnitTest>
    <UnitTest name="Index" storage="d:\spcasw\spcasw\spcasw.tests\bin\debug\spcasw.tests.dll" id="217d2fdc-d7cf-9de6-0a0a-d3862381f0a4">
      <Execution id="bf01dfc3-93ac-488d-b3c6-22fbf8c7d261" />
      <TestMethod codeBase="D:/SPCASW/SPCASW/SPCASW.Tests/bin/Debug/SPCASW.Tests.DLL" adapterTypeName="Microsoft.VisualStudio.TestTools.TestTypes.Unit.UnitTestAdapter, Microsoft.VisualStudio.QualityTools.Tips.UnitTest.Adapter, Version=10.0.0.0, Culture=neutral, PublicKeyToken=b03f5f7f11d50a3a" className="SPCASW.Tests.Controllers.HomeControllerTest, SPCASW.Tests, Version=1.0.0.0, Culture=neutral, PublicKeyToken=null" name="Index" />
    </UnitTest>
    <UnitTest name="BuildXMLContacts" storage="d:\spcasw\spcasw\spcasw.tests\bin\debug\spcasw.tests.dll" id="7374743f-7233-c344-bbdd-0ead29670033">
      <Execution id="33e76355-cbcb-4179-b61c-46651b780fa9" />
      <TestMethod codeBase="D:/SPCASW/SPCASW/SPCASW.Tests/bin/Debug/SPCASW.Tests.DLL" adapterTypeName="Microsoft.VisualStudio.TestTools.TestTypes.Unit.UnitTestAdapter, Microsoft.VisualStudio.QualityTools.Tips.UnitTest.Adapter, Version=10.0.0.0, Culture=neutral, PublicKeyToken=b03f5f7f11d50a3a" className="SPCASW.Tests.Controllers.LoadXMLContacts, SPCASW.Tests, Version=1.0.0.0, Culture=neutral, PublicKeyToken=null" name="BuildXMLContacts" />
    </UnitTest>
  </TestDefinitions>
  <TestLists>
    <TestList name="Results Not in a List" id="8c84fa94-04c1-424b-9868-57a2d4851a1d" />
    <TestList name="All Loaded Results" id="19431567-8539-422a-85d7-44ee4e166bda" />
  </TestLists>
  <TestEntries>
    <TestEntry testId="217d2fdc-d7cf-9de6-0a0a-d3862381f0a4" executionId="bf01dfc3-93ac-488d-b3c6-22fbf8c7d261" testListId="8c84fa94-04c1-424b-9868-57a2d4851a1d" />
    <TestEntry testId="f0277562-6909-27bf-fb46-5bd88986d248" executionId="b922470c-9632-497a-b47f-5f5661b83595" testListId="8c84fa94-04c1-424b-9868-57a2d4851a1d" />
    <TestEntry testId="7374743f-7233-c344-bbdd-0ead29670033" executionId="33e76355-cbcb-4179-b61c-46651b780fa9" testListId="8c84fa94-04c1-424b-9868-57a2d4851a1d" />
  </TestEntries>
  <Results>
    <UnitTestResult executionId="bf01dfc3-93ac-488d-b3c6-22fbf8c7d261" testId="217d2fdc-d7cf-9de6-0a0a-d3862381f0a4" testName="Index" computerName="ARISTOTLE" duration="00:00:00.0106226" startTime="2012-10-27T16:24:12.3293666-04:00" endTime="2012-10-27T16:24:13.9124571-04:00" testType="13cdc9d9-ddb5-4fa4-a97d-d965ccfc6d4b" outcome="Passed" testListId="8c84fa94-04c1-424b-9868-57a2d4851a1d" relativeResultsDirectory="bf01dfc3-93ac-488d-b3c6-22fbf8c7d261">
    </UnitTestResult>
    <UnitTestResult executionId="b922470c-9632-497a-b47f-5f5661b83595" testId="f0277562-6909-27bf-fb46-5bd88986d248" testName="ConstantContactFileEngineTest" computerName="ARISTOTLE" duration="00:00:00.0995303" startTime="2012-10-27T16:24:13.9834612-04:00" endTime="2012-10-27T16:24:14.0944675-04:00" testType="13cdc9d9-ddb5-4fa4-a97d-d965ccfc6d4b" outcome="Passed" testListId="8c84fa94-04c1-424b-9868-57a2d4851a1d" relativeResultsDirectory="b922470c-9632-497a-b47f-5f5661b83595">
    </UnitTestResult>
    <UnitTestResult executionId="33e76355-cbcb-4179-b61c-46651b780fa9" testId="7374743f-7233-c344-bbdd-0ead29670033" testName="BuildXMLContacts" computerName="ARISTOTLE" duration="00:01:17.6764429" startTime="2012-10-27T16:24:14.0994678-04:00" endTime="2012-10-27T16:25:31.7759107-04:00" testType="13cdc9d9-ddb5-4fa4-a97d-d965ccfc6d4b" outcome="Aborted" testListId="8c84fa94-04c1-424b-9868-57a2d4851a1d" relativeResultsDirectory="33e76355-cbcb-4179-b61c-46651b780fa9">
    </UnitTestResult>
  </Results>
</TestRun>